(python310) jiangyy@yln-a800-8:/data1/llm-sec-models/Seed-OSS-36B-Instruct$ CUDA_VISIBLE_DEVICES=4,5 vllm serve /data1/llm-sec-models/Seed-OSS-36B-Instruct --dtype auto --api-key empty --port 12001 --gpu_me
mory_utilization 1 --trust-remote-code --tensor-parallel-size 2 --pipeline-parallel-size 1 --max-model-len 512
INFO 11-10 23:36:41 [__init__.py:216] Automatically detected platform cuda.
(APIServer pid=3007694) INFO 11-10 23:36:44 [api_server.py:1839] vLLM API server version 0.11.0
(APIServer pid=3007694) INFO 11-10 23:36:44 [utils.py:233] non-default args: {'model_tag': '/data1/llm-sec-models/Seed-OSS-36B-Instruct', 'port': 12001, 'api_key': ['empty'], 'model': '/data1/llm-sec-models/Seed-OSS-36B-Instruct', 'trust_remote_code': True, 'max_model_len': 512, 'tensor_parallel_size': 2, 'gpu_memory_utilization': 1.0}
(APIServer pid=3007694) The argument `trust_remote_code` is to be used with Auto classes. It has no effect here and is ignored.
(APIServer pid=3007694) INFO 11-10 23:36:44 [model.py:547] Resolved architecture: SeedOssForCausalLM
(APIServer pid=3007694) `torch_dtype` is deprecated! Use `dtype` instead!
(APIServer pid=3007694) INFO 11-10 23:36:44 [model.py:1510] Using max model len 512
(APIServer pid=3007694) INFO 11-10 23:36:45 [scheduler.py:205] Chunked prefill is enabled with max_num_batched_tokens=8192.
(APIServer pid=3007694) The following generation flags are not valid and may be ignored: ['temperature', 'top_p']. Set `TRANSFORMERS_VERBOSITY=info` for more details.
INFO 11-10 23:36:47 [__init__.py:216] Automatically detected platform cuda.
(EngineCore_DP0 pid=3008003) INFO 11-10 23:36:51 [core.py:644] Waiting for init message from front-end.
(EngineCore_DP0 pid=3008003) INFO 11-10 23:36:51 [core.py:77] Initializing a V1 LLM engine (v0.11.0) with config: model='/data1/llm-sec-models/Seed-OSS-36B-Instruct', speculative_config=None, tokenizer='/data1/llm-sec-models/Seed-OSS-36B-Instruct', skip_tokenizer_init=False, tokenizer_mode=auto, revision=None, tokenizer_revision=None, trust_remote_code=True, dtype=torch.bfloat16, max_seq_len=512, download_dir=None, load_format=auto, tensor_parallel_size=2, pipeline_parallel_size=1, data_parallel_size=1, disable_custom_all_reduce=False, quantization=None, enforce_eager=False, kv_cache_dtype=auto, device_config=cuda, structured_outputs_config=StructuredOutputsConfig(backend='auto', disable_fallback=False, disable_any_whitespace=False, disable_additional_properties=False, reasoning_parser=''), observability_config=ObservabilityConfig(show_hidden_metrics_for_version=None, otlp_traces_endpoint=None, collect_detailed_traces=None), seed=0, served_model_name=/data1/llm-sec-models/Seed-OSS-36B-Instruct, enable_prefix_caching=True, chunked_prefill_enabled=True, pooler_config=None, compilation_config={"level":3,"debug_dump_path":"","cache_dir":"","backend":"","custom_ops":[],"splitting_ops":["vllm.unified_attention","vllm.unified_attention_with_output","vllm.mamba_mixer2","vllm.mamba_mixer","vllm.short_conv","vllm.linear_attention","vllm.plamo2_mamba_mixer","vllm.gdn_attention","vllm.sparse_attn_indexer"],"use_inductor":true,"compile_sizes":[],"inductor_compile_config":{"enable_auto_functionalized_v2":false},"inductor_passes":{},"cudagraph_mode":[2,1],"use_cudagraph":true,"cudagraph_num_of_warmups":1,"cudagraph_capture_sizes":[512,504,496,488,480,472,464,456,448,440,432,424,416,408,400,392,384,376,368,360,352,344,336,328,320,312,304,296,288,280,272,264,256,248,240,232,224,216,208,200,192,184,176,168,160,152,144,136,128,120,112,104,96,88,80,72,64,56,48,40,32,24,16,8,4,2,1],"cudagraph_copy_inputs":false,"full_cuda_graph":false,"use_inductor_graph_partition":false,"pass_config":{},"max_capture_size":512,"local_cache_dir":null}
(EngineCore_DP0 pid=3008003) WARNING 11-10 23:36:51 [multiproc_executor.py:720] Reducing Torch parallelism from 68 threads to 1 to avoid unnecessary CPU contention. Set OMP_NUM_THREADS in the external environment to tune this value as needed.
(EngineCore_DP0 pid=3008003) INFO 11-10 23:36:51 [shm_broadcast.py:289] vLLM message queue communication handle: Handle(local_reader_ranks=[0, 1], buffer_handle=(2, 16777216, 10, 'psm_1c58ad78'), local_subscribe_addr='ipc:///tmp/1b888722-e045-4966-a3c8-b70d490c55f9', remote_subscribe_addr=None, remote_addr_ipv6=False)
INFO 11-10 23:36:53 [__init__.py:216] Automatically detected platform cuda.
INFO 11-10 23:36:53 [__init__.py:216] Automatically detected platform cuda.
INFO 11-10 23:36:58 [shm_broadcast.py:289] vLLM message queue communication handle: Handle(local_reader_ranks=[0], buffer_handle=(1, 10485760, 10, 'psm_49e7e5ae'), local_subscribe_addr='ipc:///tmp/1cd3c835-57e0-455a-818a-57ee1d55bc19', remote_subscribe_addr=None, remote_addr_ipv6=False)
INFO 11-10 23:36:58 [shm_broadcast.py:289] vLLM message queue communication handle: Handle(local_reader_ranks=[0], buffer_handle=(1, 10485760, 10, 'psm_e1870514'), local_subscribe_addr='ipc:///tmp/201df139-5b6c-47e1-8978-81fece08c60d', remote_subscribe_addr=None, remote_addr_ipv6=False)
[Gloo] Rank 1 is connected to 1 peer ranks. Expected number of connected peer ranks is : 1
[Gloo] Rank 0 is connected to 1 peer ranks. Expected number of connected peer ranks is : 1
[Gloo] Rank 0 is connected to 1 peer ranks. Expected number of connected peer ranks is : 1
[Gloo] Rank 1 is connected to 1 peer ranks. Expected number of connected peer ranks is : 1
INFO 11-10 23:36:58 [__init__.py:1384] Found nccl from library libnccl.so.2
INFO 11-10 23:36:58 [pynccl.py:103] vLLM is using nccl==2.27.3
INFO 11-10 23:36:58 [__init__.py:1384] Found nccl from library libnccl.so.2
INFO 11-10 23:36:58 [pynccl.py:103] vLLM is using nccl==2.27.3
yln-a800-8:3008359:3008359 [0] NCCL INFO NCCL_SOCKET_IFNAME set by environment to eth0
yln-a800-8:3008359:3008359 [0] NCCL INFO Bootstrap: Using eth0:192.168.33.176<0>
yln-a800-8:3008359:3008359 [0] NCCL INFO cudaDriverVersion 13000
yln-a800-8:3008359:3008359 [0] NCCL INFO NCCL version 2.27.3+cuda12.9
yln-a800-8:3008360:3008360 [1] NCCL INFO cudaDriverVersion 13000
yln-a800-8:3008360:3008360 [1] NCCL INFO NCCL_SOCKET_IFNAME set by environment to eth0
yln-a800-8:3008360:3008360 [1] NCCL INFO Bootstrap: Using eth0:192.168.33.176<0>
yln-a800-8:3008360:3008360 [1] NCCL INFO NCCL version 2.27.3+cuda12.9
yln-a800-8:3008359:3008359 [0] NCCL INFO NET/Plugin: Could not find: libnccl-net.so. 
yln-a800-8:3008359:3008359 [0] NCCL INFO NCCL_IB_DISABLE set by environment to 0.
yln-a800-8:3008359:3008359 [0] NCCL INFO Failed to open libibverbs.so[.1]
yln-a800-8:3008359:3008359 [0] NCCL INFO NCCL_SOCKET_IFNAME set by environment to eth0
yln-a800-8:3008359:3008359 [0] NCCL INFO NET/Socket : Using [0]eth0:192.168.33.176<0>
yln-a800-8:3008359:3008359 [0] NCCL INFO Initialized NET plugin Socket
yln-a800-8:3008359:3008359 [0] NCCL INFO Assigned NET plugin Socket to comm
yln-a800-8:3008359:3008359 [0] NCCL INFO Using network Socket
yln-a800-8:3008360:3008360 [1] NCCL INFO NET/Plugin: Could not find: libnccl-net.so. 
yln-a800-8:3008360:3008360 [1] NCCL INFO NCCL_IB_DISABLE set by environment to 0.
yln-a800-8:3008360:3008360 [1] NCCL INFO Failed to open libibverbs.so[.1]
yln-a800-8:3008360:3008360 [1] NCCL INFO NCCL_SOCKET_IFNAME set by environment to eth0
yln-a800-8:3008360:3008360 [1] NCCL INFO NET/Socket : Using [0]eth0:192.168.33.176<0>
yln-a800-8:3008360:3008360 [1] NCCL INFO Initialized NET plugin Socket
yln-a800-8:3008360:3008360 [1] NCCL INFO Assigned NET plugin Socket to comm
yln-a800-8:3008360:3008360 [1] NCCL INFO Using network Socket
yln-a800-8:3008359:3008359 [0] NCCL INFO ncclCommInitRank comm 0x55c2edbffe00 rank 0 nranks 2 cudaDev 0 nvmlDev 4 busId e0 commId 0xc2d8e2c0bbe36ee9 - Init START
yln-a800-8:3008360:3008360 [1] NCCL INFO ncclCommInitRank comm 0x55c9473c2dd0 rank 1 nranks 2 cudaDev 1 nvmlDev 5 busId f0 commId 0xc2d8e2c0bbe36ee9 - Init START
yln-a800-8:3008359:3008359 [0] NCCL INFO RAS client listening socket at 127.0.0.1<28028>
yln-a800-8:3008360:3008360 [1] NCCL INFO RAS client listening socket at 127.0.0.1<28028>
yln-a800-8:3008360:3008360 [1] NCCL INFO Bootstrap timings total 0.001259 (create 0.000017, send 0.000078, recv 0.000902, ring 0.000022, delay 0.000000)
yln-a800-8:3008359:3008359 [0] NCCL INFO Bootstrap timings total 0.002982 (create 0.000021, send 0.000102, recv 0.002554, ring 0.000023, delay 0.000000)
yln-a800-8:3008359:3008359 [0] NCCL INFO comm 0x55c2edbffe00 rank 0 nRanks 2 nNodes 1 localRanks 2 localRank 0 MNNVL 0
yln-a800-8:3008360:3008360 [1] NCCL INFO comm 0x55c9473c2dd0 rank 1 nRanks 2 nNodes 1 localRanks 2 localRank 1 MNNVL 0
yln-a800-8:3008359:3008359 [0] NCCL INFO Channel 00/02 : 0 1
yln-a800-8:3008360:3008360 [1] NCCL INFO Trees [0] -1/-1/-1->1->0 [1] -1/-1/-1->1->0
yln-a800-8:3008359:3008359 [0] NCCL INFO Channel 01/02 : 0 1
yln-a800-8:3008360:3008360 [1] NCCL INFO P2P Chunksize set to 131072
yln-a800-8:3008359:3008359 [0] NCCL INFO Trees [0] 1/-1/-1->0->-1 [1] 1/-1/-1->0->-1
yln-a800-8:3008359:3008359 [0] NCCL INFO P2P Chunksize set to 131072
yln-a800-8:3008360:3008360 [1] NCCL INFO PROFILER/Plugin: Could not find: libnccl-profiler.so. 
yln-a800-8:3008359:3008359 [0] NCCL INFO PROFILER/Plugin: Could not find: libnccl-profiler.so. 
yln-a800-8:3008359:3008359 [0] NCCL INFO Check P2P Type isAllDirectP2p 0 directMode 0
yln-a800-8:3008359:3008577 [0] NCCL INFO [Proxy Service] Device 0 CPU core 74
yln-a800-8:3008360:3008576 [1] NCCL INFO [Proxy Service] Device 1 CPU core 74
yln-a800-8:3008359:3008578 [0] NCCL INFO [Proxy Service UDS] Device 0 CPU core 72
yln-a800-8:3008360:3008579 [1] NCCL INFO [Proxy Service UDS] Device 1 CPU core 80
yln-a800-8:3008360:3008360 [1] NCCL INFO threadThresholds 8/8/64 | 16/8/64 | 512 | 512
yln-a800-8:3008359:3008359 [0] NCCL INFO threadThresholds 8/8/64 | 16/8/64 | 512 | 512
yln-a800-8:3008360:3008360 [1] NCCL INFO 2 coll channels, 2 collnet channels, 0 nvls channels, 2 p2p channels, 2 p2p channels per peer
yln-a800-8:3008359:3008359 [0] NCCL INFO 2 coll channels, 2 collnet channels, 0 nvls channels, 2 p2p channels, 2 p2p channels per peer
yln-a800-8:3008359:3008359 [0] NCCL INFO CC Off, workFifoBytes 1048576
yln-a800-8:3008360:3008360 [1] NCCL INFO TUNER/Plugin: Could not find: libnccl-tuner.so. Using internal tuner plugin.
yln-a800-8:3008359:3008359 [0] NCCL INFO TUNER/Plugin: Could not find: libnccl-tuner.so. Using internal tuner plugin.
yln-a800-8:3008360:3008360 [1] NCCL INFO ncclCommInitRank comm 0x55c9473c2dd0 rank 1 nranks 2 cudaDev 1 nvmlDev 5 busId f0 commId 0xc2d8e2c0bbe36ee9 - Init COMPLETE
yln-a800-8:3008359:3008359 [0] NCCL INFO ncclCommInitRank comm 0x55c2edbffe00 rank 0 nranks 2 cudaDev 0 nvmlDev 4 busId e0 commId 0xc2d8e2c0bbe36ee9 - Init COMPLETE
yln-a800-8:3008360:3008360 [1] NCCL INFO Init timings - ncclCommInitRank: rank 1 nranks 2 total 0.12 (kernels 0.10, alloc 0.01, bootstrap 0.00, allgathers 0.00, topo 0.01, graphs 0.00, connections 0.00, rest 0.00)
yln-a800-8:3008359:3008359 [0] NCCL INFO Init timings - ncclCommInitRank: rank 0 nranks 2 total 0.12 (kernels 0.10, alloc 0.01, bootstrap 0.00, allgathers 0.00, topo 0.01, graphs 0.00, connections 0.00, rest 0.00)
yln-a800-8:3008360:3008580 [1] NCCL INFO Channel 00 : 1[5] -> 0[4] via SHM/direct/direct
yln-a800-8:3008360:3008580 [1] NCCL INFO Channel 01 : 1[5] -> 0[4] via SHM/direct/direct
yln-a800-8:3008359:3008581 [0] NCCL INFO Channel 00 : 0[4] -> 1[5] via SHM/direct/direct
yln-a800-8:3008359:3008581 [0] NCCL INFO Channel 01 : 0[4] -> 1[5] via SHM/direct/direct
yln-a800-8:3008360:3008580 [1] NCCL INFO Connected all rings, use ring PXN 0 GDR 1
yln-a800-8:3008359:3008581 [0] NCCL INFO Connected all rings, use ring PXN 0 GDR 1
WARNING 11-10 23:36:58 [symm_mem.py:58] SymmMemCommunicator: Device capability 8.0 not supported, communicator is not available.
WARNING 11-10 23:36:58 [symm_mem.py:58] SymmMemCommunicator: Device capability 8.0 not supported, communicator is not available.
INFO 11-10 23:36:58 [custom_all_reduce.py:35] Skipping P2P check and trusting the driver's P2P report.
INFO 11-10 23:36:58 [custom_all_reduce.py:35] Skipping P2P check and trusting the driver's P2P report.
WARNING 11-10 23:36:58 [custom_all_reduce.py:154] Custom allreduce is disabled because your platform lacks GPU P2P capability or P2P test failed. To silence this warning, specify disable_custom_all_reduce=True explicitly.
WARNING 11-10 23:36:58 [custom_all_reduce.py:154] Custom allreduce is disabled because your platform lacks GPU P2P capability or P2P test failed. To silence this warning, specify disable_custom_all_reduce=True explicitly.
INFO 11-10 23:36:58 [shm_broadcast.py:289] vLLM message queue communication handle: Handle(local_reader_ranks=[1], buffer_handle=(1, 4194304, 6, 'psm_c08bf709'), local_subscribe_addr='ipc:///tmp/10543072-44d0-46da-940e-be3fb1c56e82', remote_subscribe_addr=None, remote_addr_ipv6=False)
[Gloo] Rank 0 is connected to 0 peer ranks. Expected number of connected peer ranks is : 0
[Gloo] Rank 0 is connected to 0 peer ranks. Expected number of connected peer ranks is : 0
[Gloo] Rank 0 is connected to 0 peer ranks. Expected number of connected peer ranks is : 0
[Gloo] Rank 0 is connected to 0 peer ranks. Expected number of connected peer ranks is : 0
[Gloo] Rank 0 is connected to 0 peer ranks. Expected number of connected peer ranks is : 0
[Gloo] Rank 0 is connected to 0 peer ranks. Expected number of connected peer ranks is : 0
[Gloo] Rank 0 is connected to 1 peer ranks. Expected number of connected peer ranks is : 1
[Gloo] Rank 1 is connected to 1 peer ranks. Expected number of connected peer ranks is : 1
INFO 11-10 23:36:58 [__init__.py:1384] Found nccl from library libnccl.so.2
INFO 11-10 23:36:58 [__init__.py:1384] Found nccl from library libnccl.so.2
INFO 11-10 23:36:58 [pynccl.py:103] vLLM is using nccl==2.27.3
INFO 11-10 23:36:58 [pynccl.py:103] vLLM is using nccl==2.27.3
yln-a800-8:3008359:3008359 [0] NCCL INFO Assigned NET plugin Socket to comm
yln-a800-8:3008360:3008360 [1] NCCL INFO Assigned NET plugin Socket to comm
yln-a800-8:3008360:3008360 [1] NCCL INFO Using network Socket
yln-a800-8:3008359:3008359 [0] NCCL INFO Using network Socket
yln-a800-8:3008360:3008360 [1] NCCL INFO ncclCommInitRank comm 0x55c94b098e00 rank 1 nranks 2 cudaDev 1 nvmlDev 5 busId f0 commId 0x40bc3685edb83008 - Init START
yln-a800-8:3008359:3008359 [0] NCCL INFO ncclCommInitRank comm 0x55c2f18d13c0 rank 0 nranks 2 cudaDev 0 nvmlDev 4 busId e0 commId 0x40bc3685edb83008 - Init START
yln-a800-8:3008359:3008359 [0] NCCL INFO Bootstrap timings total 0.000863 (create 0.000018, send 0.000081, recv 0.000602, ring 0.000020, delay 0.000000)
yln-a800-8:3008360:3008360 [1] NCCL INFO Bootstrap timings total 0.000862 (create 0.000015, send 0.000075, recv 0.000643, ring 0.000015, delay 0.000000)
yln-a800-8:3008359:3008359 [0] NCCL INFO comm 0x55c2f18d13c0 rank 0 nRanks 2 nNodes 1 localRanks 2 localRank 0 MNNVL 0
yln-a800-8:3008360:3008360 [1] NCCL INFO comm 0x55c94b098e00 rank 1 nRanks 2 nNodes 1 localRanks 2 localRank 1 MNNVL 0
yln-a800-8:3008359:3008359 [0] NCCL INFO Channel 00/02 : 0 1
yln-a800-8:3008359:3008359 [0] NCCL INFO Channel 01/02 : 0 1
yln-a800-8:3008359:3008359 [0] NCCL INFO Trees [0] 1/-1/-1->0->-1 [1] 1/-1/-1->0->-1
yln-a800-8:3008359:3008359 [0] NCCL INFO P2P Chunksize set to 131072
yln-a800-8:3008359:3008359 [0] NCCL INFO Check P2P Type isAllDirectP2p 0 directMode 0
yln-a800-8:3008360:3008360 [1] NCCL INFO Trees [0] -1/-1/-1->1->0 [1] -1/-1/-1->1->0
yln-a800-8:3008360:3008360 [1] NCCL INFO P2P Chunksize set to 131072
yln-a800-8:3008359:3008627 [0] NCCL INFO [Proxy Service] Device 0 CPU core 133
yln-a800-8:3008359:3008628 [0] NCCL INFO [Proxy Service UDS] Device 0 CPU core 119
yln-a800-8:3008360:3008629 [1] NCCL INFO [Proxy Service] Device 1 CPU core 115
yln-a800-8:3008360:3008630 [1] NCCL INFO [Proxy Service UDS] Device 1 CPU core 108
yln-a800-8:3008359:3008359 [0] NCCL INFO threadThresholds 8/8/64 | 16/8/64 | 512 | 512
yln-a800-8:3008360:3008360 [1] NCCL INFO threadThresholds 8/8/64 | 16/8/64 | 512 | 512
yln-a800-8:3008360:3008360 [1] NCCL INFO 2 coll channels, 2 collnet channels, 0 nvls channels, 2 p2p channels, 2 p2p channels per peer
yln-a800-8:3008359:3008359 [0] NCCL INFO 2 coll channels, 2 collnet channels, 0 nvls channels, 2 p2p channels, 2 p2p channels per peer
yln-a800-8:3008359:3008359 [0] NCCL INFO CC Off, workFifoBytes 1048576
yln-a800-8:3008360:3008360 [1] NCCL INFO ncclCommInitRank comm 0x55c94b098e00 rank 1 nranks 2 cudaDev 1 nvmlDev 5 busId f0 commId 0x40bc3685edb83008 - Init COMPLETE
yln-a800-8:3008359:3008359 [0] NCCL INFO ncclCommInitRank comm 0x55c2f18d13c0 rank 0 nranks 2 cudaDev 0 nvmlDev 4 busId e0 commId 0x40bc3685edb83008 - Init COMPLETE
yln-a800-8:3008359:3008359 [0] NCCL INFO Init timings - ncclCommInitRank: rank 0 nranks 2 total 0.01 (kernels 0.00, alloc 0.00, bootstrap 0.00, allgathers 0.00, topo 0.01, graphs 0.00, connections 0.00, rest 0.00)
yln-a800-8:3008360:3008360 [1] NCCL INFO Init timings - ncclCommInitRank: rank 1 nranks 2 total 0.01 (kernels 0.00, alloc 0.00, bootstrap 0.00, allgathers 0.00, topo 0.01, graphs 0.00, connections 0.00, rest 0.00)
yln-a800-8:3008359:3008631 [0] NCCL INFO Channel 00 : 0[4] -> 1[5] via SHM/direct/direct
yln-a800-8:3008360:3008632 [1] NCCL INFO Channel 00 : 1[5] -> 0[4] via SHM/direct/direct
yln-a800-8:3008360:3008632 [1] NCCL INFO Channel 01 : 1[5] -> 0[4] via SHM/direct/direct
yln-a800-8:3008359:3008631 [0] NCCL INFO Channel 01 : 0[4] -> 1[5] via SHM/direct/direct
yln-a800-8:3008359:3008631 [0] NCCL INFO Connected all rings, use ring PXN 0 GDR 1
yln-a800-8:3008360:3008632 [1] NCCL INFO Connected all rings, use ring PXN 0 GDR 1
INFO 11-10 23:36:58 [parallel_state.py:1208] rank 0 in world size 2 is assigned as DP rank 0, PP rank 0, TP rank 0, EP rank 0
INFO 11-10 23:36:58 [parallel_state.py:1208] rank 1 in world size 2 is assigned as DP rank 0, PP rank 0, TP rank 1, EP rank 1
ERROR 11-10 23:36:59 [multiproc_executor.py:597] WorkerProc failed to start.
ERROR 11-10 23:36:59 [multiproc_executor.py:597] Traceback (most recent call last):
ERROR 11-10 23:36:59 [multiproc_executor.py:597]   File "/data1/jiangyy/uvs/python310/.venv/lib/python3.10/site-packages/vllm/v1/executor/multiproc_executor.py", line 571, in worker_main
ERROR 11-10 23:36:59 [multiproc_executor.py:597]     worker = WorkerProc(*args, **kwargs)
ERROR 11-10 23:36:59 [multiproc_executor.py:597]   File "/data1/jiangyy/uvs/python310/.venv/lib/python3.10/site-packages/vllm/v1/executor/multiproc_executor.py", line 430, in __init__
ERROR 11-10 23:36:59 [multiproc_executor.py:597]     self.worker.init_device()
ERROR 11-10 23:36:59 [multiproc_executor.py:597]   File "/data1/jiangyy/uvs/python310/.venv/lib/python3.10/site-packages/vllm/worker/worker_base.py", line 259, in init_device
ERROR 11-10 23:36:59 [multiproc_executor.py:597]     self.worker.init_device()  # type: ignore
ERROR 11-10 23:36:59 [multiproc_executor.py:597]   File "/data1/jiangyy/uvs/python310/.venv/lib/python3.10/site-packages/vllm/v1/worker/gpu_worker.py", line 187, in init_device
ERROR 11-10 23:36:59 [multiproc_executor.py:597]     raise ValueError(
ERROR 11-10 23:36:59 [multiproc_executor.py:597] ValueError: Free memory on device (78.64/79.25 GiB) on startup is less than desired GPU memory utilization (1.0, 79.25 GiB). Decrease GPU memory utilization or reduce GPU memory used by other processes.
INFO 11-10 23:36:59 [multiproc_executor.py:558] Parent process exited, terminating worker
INFO 11-10 23:36:59 [multiproc_executor.py:558] Parent process exited, terminating worker
[rank0]:[W1110 23:36:59.693493110 ProcessGroupNCCL.cpp:1538] Warning: WARNING: destroy_process_group() was not called before program exit, which can leak resources. For more info, please see https://pytorch.org/docs/stable/distributed.html#shutdown (function operator())
(EngineCore_DP0 pid=3008003) ERROR 11-10 23:37:00 [core.py:708] EngineCore failed to start.
(EngineCore_DP0 pid=3008003) ERROR 11-10 23:37:00 [core.py:708] Traceback (most recent call last):
(EngineCore_DP0 pid=3008003) ERROR 11-10 23:37:00 [core.py:708]   File "/data1/jiangyy/uvs/python310/.venv/lib/python3.10/site-packages/vllm/v1/engine/core.py", line 699, in run_engine_core
(EngineCore_DP0 pid=3008003) ERROR 11-10 23:37:00 [core.py:708]     engine_core = EngineCoreProc(*args, **kwargs)
(EngineCore_DP0 pid=3008003) ERROR 11-10 23:37:00 [core.py:708]   File "/data1/jiangyy/uvs/python310/.venv/lib/python3.10/site-packages/vllm/v1/engine/core.py", line 498, in __init__
(EngineCore_DP0 pid=3008003) ERROR 11-10 23:37:00 [core.py:708]     super().__init__(vllm_config, executor_class, log_stats,
(EngineCore_DP0 pid=3008003) ERROR 11-10 23:37:00 [core.py:708]   File "/data1/jiangyy/uvs/python310/.venv/lib/python3.10/site-packages/vllm/v1/engine/core.py", line 83, in __init__
(EngineCore_DP0 pid=3008003) ERROR 11-10 23:37:00 [core.py:708]     self.model_executor = executor_class(vllm_config)
(EngineCore_DP0 pid=3008003) ERROR 11-10 23:37:00 [core.py:708]   File "/data1/jiangyy/uvs/python310/.venv/lib/python3.10/site-packages/vllm/executor/executor_base.py", line 54, in __init__
(EngineCore_DP0 pid=3008003) ERROR 11-10 23:37:00 [core.py:708]     self._init_executor()
(EngineCore_DP0 pid=3008003) ERROR 11-10 23:37:00 [core.py:708]   File "/data1/jiangyy/uvs/python310/.venv/lib/python3.10/site-packages/vllm/v1/executor/multiproc_executor.py", line 106, in _init_executor
(EngineCore_DP0 pid=3008003) ERROR 11-10 23:37:00 [core.py:708]     self.workers = WorkerProc.wait_for_ready(unready_workers)
(EngineCore_DP0 pid=3008003) ERROR 11-10 23:37:00 [core.py:708]   File "/data1/jiangyy/uvs/python310/.venv/lib/python3.10/site-packages/vllm/v1/executor/multiproc_executor.py", line 509, in wait_for_ready
(EngineCore_DP0 pid=3008003) ERROR 11-10 23:37:00 [core.py:708]     raise e from None
(EngineCore_DP0 pid=3008003) ERROR 11-10 23:37:00 [core.py:708] Exception: WorkerProc initialization failed due to an exception in a background process. See stack trace for root cause.
(EngineCore_DP0 pid=3008003) Process EngineCore_DP0:
(EngineCore_DP0 pid=3008003) Traceback (most recent call last):
(EngineCore_DP0 pid=3008003)   File "/usr/lib/python3.10/multiprocessing/process.py", line 314, in _bootstrap
(EngineCore_DP0 pid=3008003)     self.run()
(EngineCore_DP0 pid=3008003)   File "/usr/lib/python3.10/multiprocessing/process.py", line 108, in run
(EngineCore_DP0 pid=3008003)     self._target(*self._args, **self._kwargs)
(EngineCore_DP0 pid=3008003)   File "/data1/jiangyy/uvs/python310/.venv/lib/python3.10/site-packages/vllm/v1/engine/core.py", line 712, in run_engine_core
(EngineCore_DP0 pid=3008003)     raise e
(EngineCore_DP0 pid=3008003)   File "/data1/jiangyy/uvs/python310/.venv/lib/python3.10/site-packages/vllm/v1/engine/core.py", line 699, in run_engine_core
(EngineCore_DP0 pid=3008003)     engine_core = EngineCoreProc(*args, **kwargs)
(EngineCore_DP0 pid=3008003)   File "/data1/jiangyy/uvs/python310/.venv/lib/python3.10/site-packages/vllm/v1/engine/core.py", line 498, in __init__
(EngineCore_DP0 pid=3008003)     super().__init__(vllm_config, executor_class, log_stats,
(EngineCore_DP0 pid=3008003)   File "/data1/jiangyy/uvs/python310/.venv/lib/python3.10/site-packages/vllm/v1/engine/core.py", line 83, in __init__
(EngineCore_DP0 pid=3008003)     self.model_executor = executor_class(vllm_config)
(EngineCore_DP0 pid=3008003)   File "/data1/jiangyy/uvs/python310/.venv/lib/python3.10/site-packages/vllm/executor/executor_base.py", line 54, in __init__
(EngineCore_DP0 pid=3008003)     self._init_executor()
(EngineCore_DP0 pid=3008003)   File "/data1/jiangyy/uvs/python310/.venv/lib/python3.10/site-packages/vllm/v1/executor/multiproc_executor.py", line 106, in _init_executor
(EngineCore_DP0 pid=3008003)     self.workers = WorkerProc.wait_for_ready(unready_workers)
(EngineCore_DP0 pid=3008003)   File "/data1/jiangyy/uvs/python310/.venv/lib/python3.10/site-packages/vllm/v1/executor/multiproc_executor.py", line 509, in wait_for_ready
(EngineCore_DP0 pid=3008003)     raise e from None
(EngineCore_DP0 pid=3008003) Exception: WorkerProc initialization failed due to an exception in a background process. See stack trace for root cause.
(APIServer pid=3007694) Traceback (most recent call last):
(APIServer pid=3007694)   File "/data1/jiangyy/uvs/python310/.venv/bin/vllm", line 10, in <module>
(APIServer pid=3007694)     sys.exit(main())
(APIServer pid=3007694)   File "/data1/jiangyy/uvs/python310/.venv/lib/python3.10/site-packages/vllm/entrypoints/cli/main.py", line 54, in main
(APIServer pid=3007694)     args.dispatch_function(args)
(APIServer pid=3007694)   File "/data1/jiangyy/uvs/python310/.venv/lib/python3.10/site-packages/vllm/entrypoints/cli/serve.py", line 57, in cmd
(APIServer pid=3007694)     uvloop.run(run_server(args))
(APIServer pid=3007694)   File "/data1/jiangyy/uvs/python310/.venv/lib/python3.10/site-packages/uvloop/__init__.py", line 69, in run
(APIServer pid=3007694)     return loop.run_until_complete(wrapper())
(APIServer pid=3007694)   File "uvloop/loop.pyx", line 1518, in uvloop.loop.Loop.run_until_complete
(APIServer pid=3007694)   File "/data1/jiangyy/uvs/python310/.venv/lib/python3.10/site-packages/uvloop/__init__.py", line 48, in wrapper
(APIServer pid=3007694)     return await main
(APIServer pid=3007694)   File "/data1/jiangyy/uvs/python310/.venv/lib/python3.10/site-packages/vllm/entrypoints/openai/api_server.py", line 1884, in run_server
(APIServer pid=3007694)     await run_server_worker(listen_address, sock, args, **uvicorn_kwargs)
(APIServer pid=3007694)   File "/data1/jiangyy/uvs/python310/.venv/lib/python3.10/site-packages/vllm/entrypoints/openai/api_server.py", line 1902, in run_server_worker
(APIServer pid=3007694)     async with build_async_engine_client(
(APIServer pid=3007694)   File "/usr/lib/python3.10/contextlib.py", line 199, in __aenter__
(APIServer pid=3007694)     return await anext(self.gen)
(APIServer pid=3007694)   File "/data1/jiangyy/uvs/python310/.venv/lib/python3.10/site-packages/vllm/entrypoints/openai/api_server.py", line 180, in build_async_engine_client
(APIServer pid=3007694)     async with build_async_engine_client_from_engine_args(
(APIServer pid=3007694)   File "/usr/lib/python3.10/contextlib.py", line 199, in __aenter__
(APIServer pid=3007694)     return await anext(self.gen)
(APIServer pid=3007694)   File "/data1/jiangyy/uvs/python310/.venv/lib/python3.10/site-packages/vllm/entrypoints/openai/api_server.py", line 225, in build_async_engine_client_from_engine_args
(APIServer pid=3007694)     async_llm = AsyncLLM.from_vllm_config(
(APIServer pid=3007694)   File "/data1/jiangyy/uvs/python310/.venv/lib/python3.10/site-packages/vllm/utils/__init__.py", line 1572, in inner
(APIServer pid=3007694)     return fn(*args, **kwargs)
(APIServer pid=3007694)   File "/data1/jiangyy/uvs/python310/.venv/lib/python3.10/site-packages/vllm/v1/engine/async_llm.py", line 207, in from_vllm_config
(APIServer pid=3007694)     return cls(
(APIServer pid=3007694)   File "/data1/jiangyy/uvs/python310/.venv/lib/python3.10/site-packages/vllm/v1/engine/async_llm.py", line 134, in __init__
(APIServer pid=3007694)     self.engine_core = EngineCoreClient.make_async_mp_client(
(APIServer pid=3007694)   File "/data1/jiangyy/uvs/python310/.venv/lib/python3.10/site-packages/vllm/v1/engine/core_client.py", line 102, in make_async_mp_client
(APIServer pid=3007694)     return AsyncMPClient(*client_args)
(APIServer pid=3007694)   File "/data1/jiangyy/uvs/python310/.venv/lib/python3.10/site-packages/vllm/v1/engine/core_client.py", line 769, in __init__
(APIServer pid=3007694)     super().__init__(
(APIServer pid=3007694)   File "/data1/jiangyy/uvs/python310/.venv/lib/python3.10/site-packages/vllm/v1/engine/core_client.py", line 448, in __init__
(APIServer pid=3007694)     with launch_core_engines(vllm_config, executor_class,
(APIServer pid=3007694)   File "/usr/lib/python3.10/contextlib.py", line 142, in __exit__
(APIServer pid=3007694)     next(self.gen)
(APIServer pid=3007694)   File "/data1/jiangyy/uvs/python310/.venv/lib/python3.10/site-packages/vllm/v1/engine/utils.py", line 732, in launch_core_engines
(APIServer pid=3007694)     wait_for_engine_startup(
(APIServer pid=3007694)   File "/data1/jiangyy/uvs/python310/.venv/lib/python3.10/site-packages/vllm/v1/engine/utils.py", line 785, in wait_for_engine_startup
(APIServer pid=3007694)     raise RuntimeError("Engine core initialization failed. "
(APIServer pid=3007694) RuntimeError: Engine core initialization failed. See root cause above. Failed core proc(s): {}
/usr/lib/python3.10/multiprocessing/resource_tracker.py:224: UserWarning: resource_tracker: There appear to be 1 leaked shared_memory objects to clean up at shutdown
  warnings.warn('resource_tracker: There appear to be %d '